2025-04-14 10:12:16.3194 | INFO | BlogManagementSystem.Startup | NLog configuration loaded successfully.
2025-04-14 10:12:18.8319 | INFO | Microsoft.Hosting.Lifetime | Now listening on: http://localhost:5095
2025-04-14 10:12:18.8319 | INFO | Microsoft.Hosting.Lifetime | Application started. Press Ctrl+C to shut down.
2025-04-14 10:12:18.8319 | INFO | Microsoft.Hosting.Lifetime | Hosting environment: Development
2025-04-14 10:12:18.8319 | INFO | Microsoft.Hosting.Lifetime | Content root path: F:\Maulik Bhatt\jTable\Blog Management System (API)\API\BlogManagementSystem
2025-04-14 10:12:19.4555 | INFO | Microsoft.AspNetCore.Hosting.Diagnostics | Request starting HTTP/1.1 GET http://localhost:5095/swagger/index.html - -
2025-04-14 10:12:19.7193 | INFO | Microsoft.AspNetCore.Hosting.Diagnostics | Request starting HTTP/1.1 GET http://localhost:5095/_framework/aspnetcore-browser-refresh.js - -
2025-04-14 10:12:19.7223 | INFO | Microsoft.AspNetCore.Hosting.Diagnostics | Request finished HTTP/1.1 GET http://localhost:5095/swagger/index.html - - - 200 - text/html;charset=utf-8 268.0870ms
2025-04-14 10:12:19.7223 | INFO | Microsoft.AspNetCore.Hosting.Diagnostics | Request finished HTTP/1.1 GET http://localhost:5095/_framework/aspnetcore-browser-refresh.js - - - 200 12010 application/javascript;+charset=utf-8 3.1624ms
2025-04-14 10:12:19.7223 | INFO | Microsoft.AspNetCore.Hosting.Diagnostics | Request starting HTTP/1.1 GET http://localhost:5095/_vs/browserLink - -
2025-04-14 10:12:19.7804 | INFO | Microsoft.AspNetCore.Hosting.Diagnostics | Request finished HTTP/1.1 GET http://localhost:5095/_vs/browserLink - - - 200 - text/javascript;+charset=UTF-8 52.9233ms
2025-04-14 10:12:19.8517 | INFO | Microsoft.AspNetCore.Hosting.Diagnostics | Request starting HTTP/1.1 GET http://localhost:5095/swagger/v1/swagger.json - -
2025-04-14 10:12:19.9662 | INFO | Microsoft.AspNetCore.Hosting.Diagnostics | Request finished HTTP/1.1 GET http://localhost:5095/swagger/v1/swagger.json - - - 200 - application/json;charset=utf-8 114.5397ms
2025-04-14 10:12:27.2748 | INFO | Microsoft.AspNetCore.Hosting.Diagnostics | Request starting HTTP/1.1 GET http://localhost:5095/api/CLBlog/get-all-blogs?pageSize=5&pageNumber=1&sorting=g01F02%20DESC - -
2025-04-14 10:12:27.2748 | INFO | Microsoft.AspNetCore.Cors.Infrastructure.CorsService | CORS policy execution successful.
2025-04-14 10:12:27.2983 | INFO | Microsoft.AspNetCore.Routing.EndpointMiddleware | Executing endpoint 'BlogManagementSystem.Controllers.CLBlogController.GetAllBlogs (BlogManagementSystem)'
2025-04-14 10:12:27.3251 | INFO | Microsoft.AspNetCore.Mvc.Infrastructure.ControllerActionInvoker | Route matched with {action = "GetAllBlogs", controller = "CLBlog"}. Executing controller action with signature Microsoft.AspNetCore.Mvc.IActionResult GetAllBlogs(Int32, Int32, System.String) on controller BlogManagementSystem.Controllers.CLBlogController (BlogManagementSystem).
2025-04-14 10:12:27.3379 | INFO | BlogManagementSystem.Filters.LogActionFilter | Executing action: BlogManagementSystem.Controllers.CLBlogController.GetAllBlogs (BlogManagementSystem)
2025-04-14 10:12:27.3379 | INFO | BlogManagementSystem.Controllers.CLBlogController | Fetching all blog posts.
2025-04-14 10:12:28.4138 | INFO | BlogManagementSystem.Filters.LogActionFilter | Action executed successfully: BlogManagementSystem.Controllers.CLBlogController.GetAllBlogs (BlogManagementSystem)
2025-04-14 10:12:28.4138 | INFO | Microsoft.AspNetCore.Mvc.Infrastructure.ObjectResultExecutor | Executing OkObjectResult, writing value of type 'BlogManagementSystem.Models.Response'.
2025-04-14 10:12:28.4359 | INFO | Microsoft.AspNetCore.Mvc.Infrastructure.ControllerActionInvoker | Executed action BlogManagementSystem.Controllers.CLBlogController.GetAllBlogs (BlogManagementSystem) in 1107.8636ms
2025-04-14 10:12:28.4359 | INFO | Microsoft.AspNetCore.Routing.EndpointMiddleware | Executed endpoint 'BlogManagementSystem.Controllers.CLBlogController.GetAllBlogs (BlogManagementSystem)'
2025-04-14 10:12:28.4359 | INFO | Microsoft.AspNetCore.Hosting.Diagnostics | Request finished HTTP/1.1 GET http://localhost:5095/api/CLBlog/get-all-blogs?pageSize=5&pageNumber=1&sorting=g01F02%20DESC - - - 200 208 application/json;+charset=utf-8 1161.3942ms
2025-04-14 10:13:43.5711 | INFO | Microsoft.AspNetCore.Hosting.Diagnostics | Request starting HTTP/1.1 GET http://localhost:5095/api/CLBlog/get-all-blogs?pageSize=5&pageNumber=1&sorting=g01F02%20DESC - -
2025-04-14 10:13:43.5711 | INFO | Microsoft.AspNetCore.Cors.Infrastructure.CorsService | CORS policy execution successful.
2025-04-14 10:13:43.5711 | INFO | Microsoft.AspNetCore.Routing.EndpointMiddleware | Executing endpoint 'BlogManagementSystem.Controllers.CLBlogController.GetAllBlogs (BlogManagementSystem)'
2025-04-14 10:13:43.5711 | INFO | Microsoft.AspNetCore.Mvc.Infrastructure.ControllerActionInvoker | Route matched with {action = "GetAllBlogs", controller = "CLBlog"}. Executing controller action with signature Microsoft.AspNetCore.Mvc.IActionResult GetAllBlogs(Int32, Int32, System.String) on controller BlogManagementSystem.Controllers.CLBlogController (BlogManagementSystem).
2025-04-14 10:13:43.5711 | INFO | BlogManagementSystem.Filters.LogActionFilter | Executing action: BlogManagementSystem.Controllers.CLBlogController.GetAllBlogs (BlogManagementSystem)
2025-04-14 10:13:43.5711 | INFO | BlogManagementSystem.Controllers.CLBlogController | Fetching all blog posts.
2025-04-14 10:13:43.5818 | INFO | BlogManagementSystem.Filters.LogActionFilter | Action executed successfully: BlogManagementSystem.Controllers.CLBlogController.GetAllBlogs (BlogManagementSystem)
2025-04-14 10:13:43.5818 | INFO | Microsoft.AspNetCore.Mvc.Infrastructure.ObjectResultExecutor | Executing OkObjectResult, writing value of type 'BlogManagementSystem.Models.Response'.
2025-04-14 10:13:43.5818 | INFO | Microsoft.AspNetCore.Mvc.Infrastructure.ControllerActionInvoker | Executed action BlogManagementSystem.Controllers.CLBlogController.GetAllBlogs (BlogManagementSystem) in 7.8188ms
2025-04-14 10:13:43.5818 | INFO | Microsoft.AspNetCore.Routing.EndpointMiddleware | Executed endpoint 'BlogManagementSystem.Controllers.CLBlogController.GetAllBlogs (BlogManagementSystem)'
2025-04-14 10:13:43.5818 | INFO | Microsoft.AspNetCore.Hosting.Diagnostics | Request finished HTTP/1.1 GET http://localhost:5095/api/CLBlog/get-all-blogs?pageSize=5&pageNumber=1&sorting=g01F02%20DESC - - - 200 208 application/json;+charset=utf-8 11.8995ms
2025-04-14 10:14:23.1291 | INFO | Microsoft.AspNetCore.Hosting.Diagnostics | Request starting HTTP/1.1 GET http://localhost:5095/api/CLBlog/get-all-blogs?pageSize=5&pageNumber=1&sorting=g01F02%20DESC - -
2025-04-14 10:14:23.1291 | INFO | Microsoft.AspNetCore.Cors.Infrastructure.CorsService | CORS policy execution successful.
2025-04-14 10:14:23.1291 | INFO | Microsoft.AspNetCore.Routing.EndpointMiddleware | Executing endpoint 'BlogManagementSystem.Controllers.CLBlogController.GetAllBlogs (BlogManagementSystem)'
2025-04-14 10:14:23.1291 | INFO | Microsoft.AspNetCore.Mvc.Infrastructure.ControllerActionInvoker | Route matched with {action = "GetAllBlogs", controller = "CLBlog"}. Executing controller action with signature Microsoft.AspNetCore.Mvc.IActionResult GetAllBlogs(Int32, Int32, System.String) on controller BlogManagementSystem.Controllers.CLBlogController (BlogManagementSystem).
2025-04-14 10:14:23.1304 | INFO | BlogManagementSystem.Filters.LogActionFilter | Executing action: BlogManagementSystem.Controllers.CLBlogController.GetAllBlogs (BlogManagementSystem)
2025-04-14 10:14:23.1304 | INFO | BlogManagementSystem.Controllers.CLBlogController | Fetching all blog posts.
2025-04-14 10:14:23.1304 | INFO | BlogManagementSystem.Filters.LogActionFilter | Action executed successfully: BlogManagementSystem.Controllers.CLBlogController.GetAllBlogs (BlogManagementSystem)
2025-04-14 10:14:23.1304 | INFO | Microsoft.AspNetCore.Mvc.Infrastructure.ObjectResultExecutor | Executing OkObjectResult, writing value of type 'BlogManagementSystem.Models.Response'.
2025-04-14 10:14:23.1304 | INFO | Microsoft.AspNetCore.Mvc.Infrastructure.ControllerActionInvoker | Executed action BlogManagementSystem.Controllers.CLBlogController.GetAllBlogs (BlogManagementSystem) in 4.9482ms
2025-04-14 10:14:23.1304 | INFO | Microsoft.AspNetCore.Routing.EndpointMiddleware | Executed endpoint 'BlogManagementSystem.Controllers.CLBlogController.GetAllBlogs (BlogManagementSystem)'
2025-04-14 10:14:23.1304 | INFO | Microsoft.AspNetCore.Hosting.Diagnostics | Request finished HTTP/1.1 GET http://localhost:5095/api/CLBlog/get-all-blogs?pageSize=5&pageNumber=1&sorting=g01F02%20DESC - - - 200 208 application/json;+charset=utf-8 6.0388ms
2025-04-14 10:14:33.8371 | INFO | Microsoft.AspNetCore.Hosting.Diagnostics | Request starting HTTP/1.1 GET http://localhost:5095/api/CLBlog/get-all-blogs?pageSize=5&pageNumber=1&sorting=g01F02%20DESC - -
2025-04-14 10:14:33.8371 | INFO | Microsoft.AspNetCore.Cors.Infrastructure.CorsService | CORS policy execution successful.
2025-04-14 10:14:33.8371 | INFO | Microsoft.AspNetCore.Routing.EndpointMiddleware | Executing endpoint 'BlogManagementSystem.Controllers.CLBlogController.GetAllBlogs (BlogManagementSystem)'
2025-04-14 10:14:33.8371 | INFO | Microsoft.AspNetCore.Mvc.Infrastructure.ControllerActionInvoker | Route matched with {action = "GetAllBlogs", controller = "CLBlog"}. Executing controller action with signature Microsoft.AspNetCore.Mvc.IActionResult GetAllBlogs(Int32, Int32, System.String) on controller BlogManagementSystem.Controllers.CLBlogController (BlogManagementSystem).
2025-04-14 10:14:33.8371 | INFO | BlogManagementSystem.Filters.LogActionFilter | Executing action: BlogManagementSystem.Controllers.CLBlogController.GetAllBlogs (BlogManagementSystem)
2025-04-14 10:14:33.8371 | INFO | BlogManagementSystem.Controllers.CLBlogController | Fetching all blog posts.
2025-04-14 10:14:33.8371 | INFO | BlogManagementSystem.Filters.LogActionFilter | Action executed successfully: BlogManagementSystem.Controllers.CLBlogController.GetAllBlogs (BlogManagementSystem)
2025-04-14 10:14:33.8371 | INFO | Microsoft.AspNetCore.Mvc.Infrastructure.ObjectResultExecutor | Executing OkObjectResult, writing value of type 'BlogManagementSystem.Models.Response'.
2025-04-14 10:14:33.8371 | INFO | Microsoft.AspNetCore.Mvc.Infrastructure.ControllerActionInvoker | Executed action BlogManagementSystem.Controllers.CLBlogController.GetAllBlogs (BlogManagementSystem) in 4.6742ms
2025-04-14 10:14:33.8371 | INFO | Microsoft.AspNetCore.Routing.EndpointMiddleware | Executed endpoint 'BlogManagementSystem.Controllers.CLBlogController.GetAllBlogs (BlogManagementSystem)'
2025-04-14 10:14:33.8371 | INFO | Microsoft.AspNetCore.Hosting.Diagnostics | Request finished HTTP/1.1 GET http://localhost:5095/api/CLBlog/get-all-blogs?pageSize=5&pageNumber=1&sorting=g01F02%20DESC - - - 200 208 application/json;+charset=utf-8 5.5370ms
2025-04-14 10:17:36.7804 | INFO | Microsoft.AspNetCore.Hosting.Diagnostics | Request starting HTTP/1.1 GET http://localhost:5095/api/CLBlog/get-all-blogs?pageSize=5&pageNumber=1&sorting=g01F02%20DESC - -
2025-04-14 10:17:36.7804 | INFO | Microsoft.AspNetCore.Cors.Infrastructure.CorsService | CORS policy execution successful.
2025-04-14 10:17:36.7804 | INFO | Microsoft.AspNetCore.Routing.EndpointMiddleware | Executing endpoint 'BlogManagementSystem.Controllers.CLBlogController.GetAllBlogs (BlogManagementSystem)'
2025-04-14 10:17:36.7804 | INFO | Microsoft.AspNetCore.Mvc.Infrastructure.ControllerActionInvoker | Route matched with {action = "GetAllBlogs", controller = "CLBlog"}. Executing controller action with signature Microsoft.AspNetCore.Mvc.IActionResult GetAllBlogs(Int32, Int32, System.String) on controller BlogManagementSystem.Controllers.CLBlogController (BlogManagementSystem).
2025-04-14 10:17:36.7804 | INFO | BlogManagementSystem.Filters.LogActionFilter | Executing action: BlogManagementSystem.Controllers.CLBlogController.GetAllBlogs (BlogManagementSystem)
2025-04-14 10:17:36.7804 | INFO | BlogManagementSystem.Controllers.CLBlogController | Fetching all blog posts.
2025-04-14 10:17:36.7804 | INFO | BlogManagementSystem.Filters.LogActionFilter | Action executed successfully: BlogManagementSystem.Controllers.CLBlogController.GetAllBlogs (BlogManagementSystem)
2025-04-14 10:17:36.7804 | INFO | Microsoft.AspNetCore.Mvc.Infrastructure.ObjectResultExecutor | Executing OkObjectResult, writing value of type 'BlogManagementSystem.Models.Response'.
2025-04-14 10:17:36.7804 | INFO | Microsoft.AspNetCore.Mvc.Infrastructure.ControllerActionInvoker | Executed action BlogManagementSystem.Controllers.CLBlogController.GetAllBlogs (BlogManagementSystem) in 3.8885ms
2025-04-14 10:17:36.7804 | INFO | Microsoft.AspNetCore.Routing.EndpointMiddleware | Executed endpoint 'BlogManagementSystem.Controllers.CLBlogController.GetAllBlogs (BlogManagementSystem)'
2025-04-14 10:17:36.7804 | INFO | Microsoft.AspNetCore.Hosting.Diagnostics | Request finished HTTP/1.1 GET http://localhost:5095/api/CLBlog/get-all-blogs?pageSize=5&pageNumber=1&sorting=g01F02%20DESC - - - 200 208 application/json;+charset=utf-8 4.8220ms
2025-04-14 10:17:45.3685 | INFO | Microsoft.AspNetCore.Hosting.Diagnostics | Request starting HTTP/1.1 GET http://localhost:5095/api/CLBlog/get-all-blogs?pageSize=5&pageNumber=2&sorting=g01F02%20DESC - -
2025-04-14 10:17:45.3685 | INFO | Microsoft.AspNetCore.Cors.Infrastructure.CorsService | CORS policy execution successful.
2025-04-14 10:17:45.3685 | INFO | Microsoft.AspNetCore.Routing.EndpointMiddleware | Executing endpoint 'BlogManagementSystem.Controllers.CLBlogController.GetAllBlogs (BlogManagementSystem)'
2025-04-14 10:17:45.3685 | INFO | Microsoft.AspNetCore.Mvc.Infrastructure.ControllerActionInvoker | Route matched with {action = "GetAllBlogs", controller = "CLBlog"}. Executing controller action with signature Microsoft.AspNetCore.Mvc.IActionResult GetAllBlogs(Int32, Int32, System.String) on controller BlogManagementSystem.Controllers.CLBlogController (BlogManagementSystem).
2025-04-14 10:17:45.3685 | INFO | BlogManagementSystem.Filters.LogActionFilter | Executing action: BlogManagementSystem.Controllers.CLBlogController.GetAllBlogs (BlogManagementSystem)
2025-04-14 10:17:45.3685 | INFO | BlogManagementSystem.Controllers.CLBlogController | Fetching all blog posts.
2025-04-14 10:17:45.3685 | INFO | BlogManagementSystem.Filters.LogActionFilter | Action executed successfully: BlogManagementSystem.Controllers.CLBlogController.GetAllBlogs (BlogManagementSystem)
2025-04-14 10:17:45.3685 | INFO | Microsoft.AspNetCore.Mvc.Infrastructure.ObjectResultExecutor | Executing OkObjectResult, writing value of type 'BlogManagementSystem.Models.Response'.
2025-04-14 10:17:45.3685 | INFO | Microsoft.AspNetCore.Mvc.Infrastructure.ControllerActionInvoker | Executed action BlogManagementSystem.Controllers.CLBlogController.GetAllBlogs (BlogManagementSystem) in 3.7945ms
2025-04-14 10:17:45.3685 | INFO | Microsoft.AspNetCore.Routing.EndpointMiddleware | Executed endpoint 'BlogManagementSystem.Controllers.CLBlogController.GetAllBlogs (BlogManagementSystem)'
2025-04-14 10:17:45.3685 | INFO | Microsoft.AspNetCore.Hosting.Diagnostics | Request finished HTTP/1.1 GET http://localhost:5095/api/CLBlog/get-all-blogs?pageSize=5&pageNumber=2&sorting=g01F02%20DESC - - - 200 54 application/json;+charset=utf-8 4.6348ms
2025-04-14 10:17:46.7442 | INFO | Microsoft.AspNetCore.Hosting.Diagnostics | Request starting HTTP/1.1 GET http://localhost:5095/api/CLBlog/get-all-blogs?pageSize=5&pageNumber=1&sorting=g01F02%20DESC - -
2025-04-14 10:17:46.7442 | INFO | Microsoft.AspNetCore.Cors.Infrastructure.CorsService | CORS policy execution successful.
2025-04-14 10:17:46.7442 | INFO | Microsoft.AspNetCore.Routing.EndpointMiddleware | Executing endpoint 'BlogManagementSystem.Controllers.CLBlogController.GetAllBlogs (BlogManagementSystem)'
2025-04-14 10:17:46.7442 | INFO | Microsoft.AspNetCore.Mvc.Infrastructure.ControllerActionInvoker | Route matched with {action = "GetAllBlogs", controller = "CLBlog"}. Executing controller action with signature Microsoft.AspNetCore.Mvc.IActionResult GetAllBlogs(Int32, Int32, System.String) on controller BlogManagementSystem.Controllers.CLBlogController (BlogManagementSystem).
2025-04-14 10:17:46.7442 | INFO | BlogManagementSystem.Filters.LogActionFilter | Executing action: BlogManagementSystem.Controllers.CLBlogController.GetAllBlogs (BlogManagementSystem)
2025-04-14 10:17:46.7442 | INFO | BlogManagementSystem.Controllers.CLBlogController | Fetching all blog posts.
2025-04-14 10:17:46.7442 | INFO | BlogManagementSystem.Filters.LogActionFilter | Action executed successfully: BlogManagementSystem.Controllers.CLBlogController.GetAllBlogs (BlogManagementSystem)
2025-04-14 10:17:46.7442 | INFO | Microsoft.AspNetCore.Mvc.Infrastructure.ObjectResultExecutor | Executing OkObjectResult, writing value of type 'BlogManagementSystem.Models.Response'.
2025-04-14 10:17:46.7442 | INFO | Microsoft.AspNetCore.Mvc.Infrastructure.ControllerActionInvoker | Executed action BlogManagementSystem.Controllers.CLBlogController.GetAllBlogs (BlogManagementSystem) in 3.7139ms
2025-04-14 10:17:46.7442 | INFO | Microsoft.AspNetCore.Routing.EndpointMiddleware | Executed endpoint 'BlogManagementSystem.Controllers.CLBlogController.GetAllBlogs (BlogManagementSystem)'
2025-04-14 10:17:46.7442 | INFO | Microsoft.AspNetCore.Hosting.Diagnostics | Request finished HTTP/1.1 GET http://localhost:5095/api/CLBlog/get-all-blogs?pageSize=5&pageNumber=1&sorting=g01F02%20DESC - - - 200 208 application/json;+charset=utf-8 4.3245ms
2025-04-14 10:17:57.3129 | INFO | Microsoft.AspNetCore.Hosting.Diagnostics | Request starting HTTP/1.1 GET http://localhost:5095/api/CLBlog/get-all-blogs?pageSize=5&pageNumber=2&sorting=g01F02%20DESC - -
2025-04-14 10:17:57.3129 | INFO | Microsoft.AspNetCore.Cors.Infrastructure.CorsService | CORS policy execution successful.
2025-04-14 10:17:57.3129 | INFO | Microsoft.AspNetCore.Routing.EndpointMiddleware | Executing endpoint 'BlogManagementSystem.Controllers.CLBlogController.GetAllBlogs (BlogManagementSystem)'
2025-04-14 10:17:57.3129 | INFO | Microsoft.AspNetCore.Mvc.Infrastructure.ControllerActionInvoker | Route matched with {action = "GetAllBlogs", controller = "CLBlog"}. Executing controller action with signature Microsoft.AspNetCore.Mvc.IActionResult GetAllBlogs(Int32, Int32, System.String) on controller BlogManagementSystem.Controllers.CLBlogController (BlogManagementSystem).
2025-04-14 10:17:57.3129 | INFO | BlogManagementSystem.Filters.LogActionFilter | Executing action: BlogManagementSystem.Controllers.CLBlogController.GetAllBlogs (BlogManagementSystem)
2025-04-14 10:17:57.3129 | INFO | BlogManagementSystem.Controllers.CLBlogController | Fetching all blog posts.
2025-04-14 10:17:57.3129 | INFO | BlogManagementSystem.Filters.LogActionFilter | Action executed successfully: BlogManagementSystem.Controllers.CLBlogController.GetAllBlogs (BlogManagementSystem)
2025-04-14 10:17:57.3129 | INFO | Microsoft.AspNetCore.Mvc.Infrastructure.ObjectResultExecutor | Executing OkObjectResult, writing value of type 'BlogManagementSystem.Models.Response'.
2025-04-14 10:17:57.3129 | INFO | Microsoft.AspNetCore.Mvc.Infrastructure.ControllerActionInvoker | Executed action BlogManagementSystem.Controllers.CLBlogController.GetAllBlogs (BlogManagementSystem) in 3.4111ms
2025-04-14 10:17:57.3129 | INFO | Microsoft.AspNetCore.Routing.EndpointMiddleware | Executed endpoint 'BlogManagementSystem.Controllers.CLBlogController.GetAllBlogs (BlogManagementSystem)'
2025-04-14 10:17:57.3129 | INFO | Microsoft.AspNetCore.Hosting.Diagnostics | Request finished HTTP/1.1 GET http://localhost:5095/api/CLBlog/get-all-blogs?pageSize=5&pageNumber=2&sorting=g01F02%20DESC - - - 200 54 application/json;+charset=utf-8 3.9806ms
2025-04-14 10:17:58.5758 | INFO | Microsoft.AspNetCore.Hosting.Diagnostics | Request starting HTTP/1.1 GET http://localhost:5095/api/CLBlog/get-all-blogs?pageSize=5&pageNumber=3&sorting=g01F02%20DESC - -
2025-04-14 10:17:58.5758 | INFO | Microsoft.AspNetCore.Cors.Infrastructure.CorsService | CORS policy execution successful.
2025-04-14 10:17:58.5758 | INFO | Microsoft.AspNetCore.Routing.EndpointMiddleware | Executing endpoint 'BlogManagementSystem.Controllers.CLBlogController.GetAllBlogs (BlogManagementSystem)'
2025-04-14 10:17:58.5758 | INFO | Microsoft.AspNetCore.Mvc.Infrastructure.ControllerActionInvoker | Route matched with {action = "GetAllBlogs", controller = "CLBlog"}. Executing controller action with signature Microsoft.AspNetCore.Mvc.IActionResult GetAllBlogs(Int32, Int32, System.String) on controller BlogManagementSystem.Controllers.CLBlogController (BlogManagementSystem).
2025-04-14 10:17:58.5758 | INFO | BlogManagementSystem.Filters.LogActionFilter | Executing action: BlogManagementSystem.Controllers.CLBlogController.GetAllBlogs (BlogManagementSystem)
2025-04-14 10:17:58.5758 | INFO | BlogManagementSystem.Controllers.CLBlogController | Fetching all blog posts.
2025-04-14 10:17:58.5758 | INFO | BlogManagementSystem.Filters.LogActionFilter | Action executed successfully: BlogManagementSystem.Controllers.CLBlogController.GetAllBlogs (BlogManagementSystem)
2025-04-14 10:17:58.5758 | INFO | Microsoft.AspNetCore.Mvc.Infrastructure.ObjectResultExecutor | Executing OkObjectResult, writing value of type 'BlogManagementSystem.Models.Response'.
2025-04-14 10:17:58.5758 | INFO | Microsoft.AspNetCore.Mvc.Infrastructure.ControllerActionInvoker | Executed action BlogManagementSystem.Controllers.CLBlogController.GetAllBlogs (BlogManagementSystem) in 3.6199ms
2025-04-14 10:17:58.5758 | INFO | Microsoft.AspNetCore.Routing.EndpointMiddleware | Executed endpoint 'BlogManagementSystem.Controllers.CLBlogController.GetAllBlogs (BlogManagementSystem)'
2025-04-14 10:17:58.5758 | INFO | Microsoft.AspNetCore.Hosting.Diagnostics | Request finished HTTP/1.1 GET http://localhost:5095/api/CLBlog/get-all-blogs?pageSize=5&pageNumber=3&sorting=g01F02%20DESC - - - 200 54 application/json;+charset=utf-8 4.2479ms
2025-04-14 10:17:59.2318 | INFO | Microsoft.AspNetCore.Hosting.Diagnostics | Request starting HTTP/1.1 GET http://localhost:5095/api/CLBlog/get-all-blogs?pageSize=5&pageNumber=4&sorting=g01F02%20DESC - -
2025-04-14 10:17:59.2318 | INFO | Microsoft.AspNetCore.Cors.Infrastructure.CorsService | CORS policy execution successful.
2025-04-14 10:17:59.2318 | INFO | Microsoft.AspNetCore.Routing.EndpointMiddleware | Executing endpoint 'BlogManagementSystem.Controllers.CLBlogController.GetAllBlogs (BlogManagementSystem)'
2025-04-14 10:17:59.2318 | INFO | Microsoft.AspNetCore.Mvc.Infrastructure.ControllerActionInvoker | Route matched with {action = "GetAllBlogs", controller = "CLBlog"}. Executing controller action with signature Microsoft.AspNetCore.Mvc.IActionResult GetAllBlogs(Int32, Int32, System.String) on controller BlogManagementSystem.Controllers.CLBlogController (BlogManagementSystem).
2025-04-14 10:17:59.2318 | INFO | BlogManagementSystem.Filters.LogActionFilter | Executing action: BlogManagementSystem.Controllers.CLBlogController.GetAllBlogs (BlogManagementSystem)
2025-04-14 10:17:59.2318 | INFO | BlogManagementSystem.Controllers.CLBlogController | Fetching all blog posts.
2025-04-14 10:17:59.2318 | INFO | BlogManagementSystem.Filters.LogActionFilter | Action executed successfully: BlogManagementSystem.Controllers.CLBlogController.GetAllBlogs (BlogManagementSystem)
2025-04-14 10:17:59.2318 | INFO | Microsoft.AspNetCore.Mvc.Infrastructure.ObjectResultExecutor | Executing OkObjectResult, writing value of type 'BlogManagementSystem.Models.Response'.
2025-04-14 10:17:59.2318 | INFO | Microsoft.AspNetCore.Mvc.Infrastructure.ControllerActionInvoker | Executed action BlogManagementSystem.Controllers.CLBlogController.GetAllBlogs (BlogManagementSystem) in 3.4309ms
2025-04-14 10:17:59.2318 | INFO | Microsoft.AspNetCore.Routing.EndpointMiddleware | Executed endpoint 'BlogManagementSystem.Controllers.CLBlogController.GetAllBlogs (BlogManagementSystem)'
2025-04-14 10:17:59.2318 | INFO | Microsoft.AspNetCore.Hosting.Diagnostics | Request finished HTTP/1.1 GET http://localhost:5095/api/CLBlog/get-all-blogs?pageSize=5&pageNumber=4&sorting=g01F02%20DESC - - - 200 54 application/json;+charset=utf-8 4.1926ms
2025-04-14 10:18:01.3118 | INFO | Microsoft.AspNetCore.Hosting.Diagnostics | Request starting HTTP/1.1 GET http://localhost:5095/api/CLBlog/get-all-blogs?pageSize=5&pageNumber=5&sorting=g01F02%20DESC - -
2025-04-14 10:18:01.3118 | INFO | Microsoft.AspNetCore.Cors.Infrastructure.CorsService | CORS policy execution successful.
2025-04-14 10:18:01.3118 | INFO | Microsoft.AspNetCore.Routing.EndpointMiddleware | Executing endpoint 'BlogManagementSystem.Controllers.CLBlogController.GetAllBlogs (BlogManagementSystem)'
2025-04-14 10:18:01.3118 | INFO | Microsoft.AspNetCore.Mvc.Infrastructure.ControllerActionInvoker | Route matched with {action = "GetAllBlogs", controller = "CLBlog"}. Executing controller action with signature Microsoft.AspNetCore.Mvc.IActionResult GetAllBlogs(Int32, Int32, System.String) on controller BlogManagementSystem.Controllers.CLBlogController (BlogManagementSystem).
2025-04-14 10:18:01.3118 | INFO | BlogManagementSystem.Filters.LogActionFilter | Executing action: BlogManagementSystem.Controllers.CLBlogController.GetAllBlogs (BlogManagementSystem)
2025-04-14 10:18:01.3118 | INFO | BlogManagementSystem.Controllers.CLBlogController | Fetching all blog posts.
2025-04-14 10:18:01.3118 | INFO | BlogManagementSystem.Filters.LogActionFilter | Action executed successfully: BlogManagementSystem.Controllers.CLBlogController.GetAllBlogs (BlogManagementSystem)
2025-04-14 10:18:01.3118 | INFO | Microsoft.AspNetCore.Mvc.Infrastructure.ObjectResultExecutor | Executing OkObjectResult, writing value of type 'BlogManagementSystem.Models.Response'.
2025-04-14 10:18:01.3118 | INFO | Microsoft.AspNetCore.Mvc.Infrastructure.ControllerActionInvoker | Executed action BlogManagementSystem.Controllers.CLBlogController.GetAllBlogs (BlogManagementSystem) in 3.2124ms
2025-04-14 10:18:01.3118 | INFO | Microsoft.AspNetCore.Routing.EndpointMiddleware | Executed endpoint 'BlogManagementSystem.Controllers.CLBlogController.GetAllBlogs (BlogManagementSystem)'
2025-04-14 10:18:01.3118 | INFO | Microsoft.AspNetCore.Hosting.Diagnostics | Request finished HTTP/1.1 GET http://localhost:5095/api/CLBlog/get-all-blogs?pageSize=5&pageNumber=5&sorting=g01F02%20DESC - - - 200 54 application/json;+charset=utf-8 3.8036ms
2025-04-14 10:18:02.0878 | INFO | Microsoft.AspNetCore.Hosting.Diagnostics | Request starting HTTP/1.1 GET http://localhost:5095/api/CLBlog/get-all-blogs?pageSize=5&pageNumber=6&sorting=g01F02%20DESC - -
2025-04-14 10:18:02.0878 | INFO | Microsoft.AspNetCore.Cors.Infrastructure.CorsService | CORS policy execution successful.
2025-04-14 10:18:02.0878 | INFO | Microsoft.AspNetCore.Routing.EndpointMiddleware | Executing endpoint 'BlogManagementSystem.Controllers.CLBlogController.GetAllBlogs (BlogManagementSystem)'
2025-04-14 10:18:02.0878 | INFO | Microsoft.AspNetCore.Mvc.Infrastructure.ControllerActionInvoker | Route matched with {action = "GetAllBlogs", controller = "CLBlog"}. Executing controller action with signature Microsoft.AspNetCore.Mvc.IActionResult GetAllBlogs(Int32, Int32, System.String) on controller BlogManagementSystem.Controllers.CLBlogController (BlogManagementSystem).
2025-04-14 10:18:02.0878 | INFO | BlogManagementSystem.Filters.LogActionFilter | Executing action: BlogManagementSystem.Controllers.CLBlogController.GetAllBlogs (BlogManagementSystem)
2025-04-14 10:18:02.0878 | INFO | BlogManagementSystem.Controllers.CLBlogController | Fetching all blog posts.
2025-04-14 10:18:02.0878 | INFO | BlogManagementSystem.Filters.LogActionFilter | Action executed successfully: BlogManagementSystem.Controllers.CLBlogController.GetAllBlogs (BlogManagementSystem)
2025-04-14 10:18:02.0878 | INFO | Microsoft.AspNetCore.Mvc.Infrastructure.ObjectResultExecutor | Executing OkObjectResult, writing value of type 'BlogManagementSystem.Models.Response'.
2025-04-14 10:18:02.0878 | INFO | Microsoft.AspNetCore.Mvc.Infrastructure.ControllerActionInvoker | Executed action BlogManagementSystem.Controllers.CLBlogController.GetAllBlogs (BlogManagementSystem) in 3.193ms
2025-04-14 10:18:02.0878 | INFO | Microsoft.AspNetCore.Routing.EndpointMiddleware | Executed endpoint 'BlogManagementSystem.Controllers.CLBlogController.GetAllBlogs (BlogManagementSystem)'
2025-04-14 10:18:02.0878 | INFO | Microsoft.AspNetCore.Hosting.Diagnostics | Request finished HTTP/1.1 GET http://localhost:5095/api/CLBlog/get-all-blogs?pageSize=5&pageNumber=6&sorting=g01F02%20DESC - - - 200 54 application/json;+charset=utf-8 3.7520ms
2025-04-14 10:18:03.5680 | INFO | Microsoft.AspNetCore.Hosting.Diagnostics | Request starting HTTP/1.1 GET http://localhost:5095/api/CLBlog/get-all-blogs?pageSize=5&pageNumber=7&sorting=g01F02%20DESC - -
2025-04-14 10:18:03.5680 | INFO | Microsoft.AspNetCore.Cors.Infrastructure.CorsService | CORS policy execution successful.
2025-04-14 10:18:03.5680 | INFO | Microsoft.AspNetCore.Routing.EndpointMiddleware | Executing endpoint 'BlogManagementSystem.Controllers.CLBlogController.GetAllBlogs (BlogManagementSystem)'
2025-04-14 10:18:03.5680 | INFO | Microsoft.AspNetCore.Mvc.Infrastructure.ControllerActionInvoker | Route matched with {action = "GetAllBlogs", controller = "CLBlog"}. Executing controller action with signature Microsoft.AspNetCore.Mvc.IActionResult GetAllBlogs(Int32, Int32, System.String) on controller BlogManagementSystem.Controllers.CLBlogController (BlogManagementSystem).
2025-04-14 10:18:03.5680 | INFO | BlogManagementSystem.Filters.LogActionFilter | Executing action: BlogManagementSystem.Controllers.CLBlogController.GetAllBlogs (BlogManagementSystem)
2025-04-14 10:18:03.5680 | INFO | BlogManagementSystem.Controllers.CLBlogController | Fetching all blog posts.
2025-04-14 10:18:03.5714 | INFO | BlogManagementSystem.Filters.LogActionFilter | Action executed successfully: BlogManagementSystem.Controllers.CLBlogController.GetAllBlogs (BlogManagementSystem)
2025-04-14 10:18:03.5714 | INFO | Microsoft.AspNetCore.Mvc.Infrastructure.ObjectResultExecutor | Executing OkObjectResult, writing value of type 'BlogManagementSystem.Models.Response'.
2025-04-14 10:18:03.5714 | INFO | Microsoft.AspNetCore.Mvc.Infrastructure.ControllerActionInvoker | Executed action BlogManagementSystem.Controllers.CLBlogController.GetAllBlogs (BlogManagementSystem) in 3.1741ms
2025-04-14 10:18:03.5714 | INFO | Microsoft.AspNetCore.Routing.EndpointMiddleware | Executed endpoint 'BlogManagementSystem.Controllers.CLBlogController.GetAllBlogs (BlogManagementSystem)'
2025-04-14 10:18:03.5714 | INFO | Microsoft.AspNetCore.Hosting.Diagnostics | Request finished HTTP/1.1 GET http://localhost:5095/api/CLBlog/get-all-blogs?pageSize=5&pageNumber=7&sorting=g01F02%20DESC - - - 200 54 application/json;+charset=utf-8 3.8103ms
2025-04-14 10:18:03.8158 | INFO | Microsoft.AspNetCore.Hosting.Diagnostics | Request starting HTTP/1.1 GET http://localhost:5095/api/CLBlog/get-all-blogs?pageSize=5&pageNumber=8&sorting=g01F02%20DESC - -
2025-04-14 10:18:03.8158 | INFO | Microsoft.AspNetCore.Cors.Infrastructure.CorsService | CORS policy execution successful.
2025-04-14 10:18:03.8158 | INFO | Microsoft.AspNetCore.Routing.EndpointMiddleware | Executing endpoint 'BlogManagementSystem.Controllers.CLBlogController.GetAllBlogs (BlogManagementSystem)'
2025-04-14 10:18:03.8158 | INFO | Microsoft.AspNetCore.Mvc.Infrastructure.ControllerActionInvoker | Route matched with {action = "GetAllBlogs", controller = "CLBlog"}. Executing controller action with signature Microsoft.AspNetCore.Mvc.IActionResult GetAllBlogs(Int32, Int32, System.String) on controller BlogManagementSystem.Controllers.CLBlogController (BlogManagementSystem).
2025-04-14 10:18:03.8158 | INFO | BlogManagementSystem.Filters.LogActionFilter | Executing action: BlogManagementSystem.Controllers.CLBlogController.GetAllBlogs (BlogManagementSystem)
2025-04-14 10:18:03.8158 | INFO | BlogManagementSystem.Controllers.CLBlogController | Fetching all blog posts.
2025-04-14 10:18:03.8158 | INFO | BlogManagementSystem.Filters.LogActionFilter | Action executed successfully: BlogManagementSystem.Controllers.CLBlogController.GetAllBlogs (BlogManagementSystem)
2025-04-14 10:18:03.8158 | INFO | Microsoft.AspNetCore.Mvc.Infrastructure.ObjectResultExecutor | Executing OkObjectResult, writing value of type 'BlogManagementSystem.Models.Response'.
2025-04-14 10:18:03.8158 | INFO | Microsoft.AspNetCore.Mvc.Infrastructure.ControllerActionInvoker | Executed action BlogManagementSystem.Controllers.CLBlogController.GetAllBlogs (BlogManagementSystem) in 3.0626ms
2025-04-14 10:18:03.8158 | INFO | Microsoft.AspNetCore.Routing.EndpointMiddleware | Executed endpoint 'BlogManagementSystem.Controllers.CLBlogController.GetAllBlogs (BlogManagementSystem)'
2025-04-14 10:18:03.8158 | INFO | Microsoft.AspNetCore.Hosting.Diagnostics | Request finished HTTP/1.1 GET http://localhost:5095/api/CLBlog/get-all-blogs?pageSize=5&pageNumber=8&sorting=g01F02%20DESC - - - 200 54 application/json;+charset=utf-8 3.6552ms
2025-04-14 10:18:04.0637 | INFO | Microsoft.AspNetCore.Hosting.Diagnostics | Request starting HTTP/1.1 GET http://localhost:5095/api/CLBlog/get-all-blogs?pageSize=5&pageNumber=9&sorting=g01F02%20DESC - -
2025-04-14 10:18:04.0637 | INFO | Microsoft.AspNetCore.Cors.Infrastructure.CorsService | CORS policy execution successful.
2025-04-14 10:18:04.0637 | INFO | Microsoft.AspNetCore.Routing.EndpointMiddleware | Executing endpoint 'BlogManagementSystem.Controllers.CLBlogController.GetAllBlogs (BlogManagementSystem)'
2025-04-14 10:18:04.0637 | INFO | Microsoft.AspNetCore.Mvc.Infrastructure.ControllerActionInvoker | Route matched with {action = "GetAllBlogs", controller = "CLBlog"}. Executing controller action with signature Microsoft.AspNetCore.Mvc.IActionResult GetAllBlogs(Int32, Int32, System.String) on controller BlogManagementSystem.Controllers.CLBlogController (BlogManagementSystem).
2025-04-14 10:18:04.0637 | INFO | BlogManagementSystem.Filters.LogActionFilter | Executing action: BlogManagementSystem.Controllers.CLBlogController.GetAllBlogs (BlogManagementSystem)
2025-04-14 10:18:04.0637 | INFO | BlogManagementSystem.Controllers.CLBlogController | Fetching all blog posts.
2025-04-14 10:18:04.0637 | INFO | BlogManagementSystem.Filters.LogActionFilter | Action executed successfully: BlogManagementSystem.Controllers.CLBlogController.GetAllBlogs (BlogManagementSystem)
2025-04-14 10:18:04.0637 | INFO | Microsoft.AspNetCore.Mvc.Infrastructure.ObjectResultExecutor | Executing OkObjectResult, writing value of type 'BlogManagementSystem.Models.Response'.
2025-04-14 10:18:04.0637 | INFO | Microsoft.AspNetCore.Mvc.Infrastructure.ControllerActionInvoker | Executed action BlogManagementSystem.Controllers.CLBlogController.GetAllBlogs (BlogManagementSystem) in 3.3596ms
2025-04-14 10:18:04.0637 | INFO | Microsoft.AspNetCore.Routing.EndpointMiddleware | Executed endpoint 'BlogManagementSystem.Controllers.CLBlogController.GetAllBlogs (BlogManagementSystem)'
2025-04-14 10:18:04.0637 | INFO | Microsoft.AspNetCore.Hosting.Diagnostics | Request finished HTTP/1.1 GET http://localhost:5095/api/CLBlog/get-all-blogs?pageSize=5&pageNumber=9&sorting=g01F02%20DESC - - - 200 54 application/json;+charset=utf-8 3.9938ms
2025-04-14 10:18:04.3127 | INFO | Microsoft.AspNetCore.Hosting.Diagnostics | Request starting HTTP/1.1 GET http://localhost:5095/api/CLBlog/get-all-blogs?pageSize=5&pageNumber=10&sorting=g01F02%20DESC - -
2025-04-14 10:18:04.3127 | INFO | Microsoft.AspNetCore.Cors.Infrastructure.CorsService | CORS policy execution successful.
2025-04-14 10:18:04.3127 | INFO | Microsoft.AspNetCore.Routing.EndpointMiddleware | Executing endpoint 'BlogManagementSystem.Controllers.CLBlogController.GetAllBlogs (BlogManagementSystem)'
2025-04-14 10:18:04.3127 | INFO | Microsoft.AspNetCore.Mvc.Infrastructure.ControllerActionInvoker | Route matched with {action = "GetAllBlogs", controller = "CLBlog"}. Executing controller action with signature Microsoft.AspNetCore.Mvc.IActionResult GetAllBlogs(Int32, Int32, System.String) on controller BlogManagementSystem.Controllers.CLBlogController (BlogManagementSystem).
2025-04-14 10:18:04.3127 | INFO | BlogManagementSystem.Filters.LogActionFilter | Executing action: BlogManagementSystem.Controllers.CLBlogController.GetAllBlogs (BlogManagementSystem)
2025-04-14 10:18:04.3127 | INFO | BlogManagementSystem.Controllers.CLBlogController | Fetching all blog posts.
2025-04-14 10:18:04.3127 | INFO | BlogManagementSystem.Filters.LogActionFilter | Action executed successfully: BlogManagementSystem.Controllers.CLBlogController.GetAllBlogs (BlogManagementSystem)
2025-04-14 10:18:04.3127 | INFO | Microsoft.AspNetCore.Mvc.Infrastructure.ObjectResultExecutor | Executing OkObjectResult, writing value of type 'BlogManagementSystem.Models.Response'.
2025-04-14 10:18:04.3127 | INFO | Microsoft.AspNetCore.Mvc.Infrastructure.ControllerActionInvoker | Executed action BlogManagementSystem.Controllers.CLBlogController.GetAllBlogs (BlogManagementSystem) in 3.8201ms
2025-04-14 10:18:04.3127 | INFO | Microsoft.AspNetCore.Routing.EndpointMiddleware | Executed endpoint 'BlogManagementSystem.Controllers.CLBlogController.GetAllBlogs (BlogManagementSystem)'
2025-04-14 10:18:04.3127 | INFO | Microsoft.AspNetCore.Hosting.Diagnostics | Request finished HTTP/1.1 GET http://localhost:5095/api/CLBlog/get-all-blogs?pageSize=5&pageNumber=10&sorting=g01F02%20DESC - - - 200 54 application/json;+charset=utf-8 4.6462ms
2025-04-14 10:18:04.6879 | INFO | Microsoft.AspNetCore.Hosting.Diagnostics | Request starting HTTP/1.1 GET http://localhost:5095/api/CLBlog/get-all-blogs?pageSize=5&pageNumber=11&sorting=g01F02%20DESC - -
2025-04-14 10:18:04.6879 | INFO | Microsoft.AspNetCore.Cors.Infrastructure.CorsService | CORS policy execution successful.
2025-04-14 10:18:04.6879 | INFO | Microsoft.AspNetCore.Routing.EndpointMiddleware | Executing endpoint 'BlogManagementSystem.Controllers.CLBlogController.GetAllBlogs (BlogManagementSystem)'
2025-04-14 10:18:04.6879 | INFO | Microsoft.AspNetCore.Mvc.Infrastructure.ControllerActionInvoker | Route matched with {action = "GetAllBlogs", controller = "CLBlog"}. Executing controller action with signature Microsoft.AspNetCore.Mvc.IActionResult GetAllBlogs(Int32, Int32, System.String) on controller BlogManagementSystem.Controllers.CLBlogController (BlogManagementSystem).
2025-04-14 10:18:04.6879 | INFO | BlogManagementSystem.Filters.LogActionFilter | Executing action: BlogManagementSystem.Controllers.CLBlogController.GetAllBlogs (BlogManagementSystem)
2025-04-14 10:18:04.6879 | INFO | BlogManagementSystem.Controllers.CLBlogController | Fetching all blog posts.
2025-04-14 10:18:04.6879 | INFO | BlogManagementSystem.Filters.LogActionFilter | Action executed successfully: BlogManagementSystem.Controllers.CLBlogController.GetAllBlogs (BlogManagementSystem)
2025-04-14 10:18:04.6879 | INFO | Microsoft.AspNetCore.Mvc.Infrastructure.ObjectResultExecutor | Executing OkObjectResult, writing value of type 'BlogManagementSystem.Models.Response'.
2025-04-14 10:18:04.6879 | INFO | Microsoft.AspNetCore.Mvc.Infrastructure.ControllerActionInvoker | Executed action BlogManagementSystem.Controllers.CLBlogController.GetAllBlogs (BlogManagementSystem) in 3.2523ms
2025-04-14 10:18:04.6879 | INFO | Microsoft.AspNetCore.Routing.EndpointMiddleware | Executed endpoint 'BlogManagementSystem.Controllers.CLBlogController.GetAllBlogs (BlogManagementSystem)'
2025-04-14 10:18:04.6879 | INFO | Microsoft.AspNetCore.Hosting.Diagnostics | Request finished HTTP/1.1 GET http://localhost:5095/api/CLBlog/get-all-blogs?pageSize=5&pageNumber=11&sorting=g01F02%20DESC - - - 200 54 application/json;+charset=utf-8 3.8294ms
2025-04-14 10:18:05.9036 | INFO | Microsoft.AspNetCore.Hosting.Diagnostics | Request starting HTTP/1.1 GET http://localhost:5095/api/CLBlog/get-all-blogs?pageSize=5&pageNumber=12&sorting=g01F02%20DESC - -
2025-04-14 10:18:05.9036 | INFO | Microsoft.AspNetCore.Cors.Infrastructure.CorsService | CORS policy execution successful.
2025-04-14 10:18:05.9036 | INFO | Microsoft.AspNetCore.Routing.EndpointMiddleware | Executing endpoint 'BlogManagementSystem.Controllers.CLBlogController.GetAllBlogs (BlogManagementSystem)'
2025-04-14 10:18:05.9036 | INFO | Microsoft.AspNetCore.Mvc.Infrastructure.ControllerActionInvoker | Route matched with {action = "GetAllBlogs", controller = "CLBlog"}. Executing controller action with signature Microsoft.AspNetCore.Mvc.IActionResult GetAllBlogs(Int32, Int32, System.String) on controller BlogManagementSystem.Controllers.CLBlogController (BlogManagementSystem).
2025-04-14 10:18:05.9036 | INFO | BlogManagementSystem.Filters.LogActionFilter | Executing action: BlogManagementSystem.Controllers.CLBlogController.GetAllBlogs (BlogManagementSystem)
2025-04-14 10:18:05.9036 | INFO | BlogManagementSystem.Controllers.CLBlogController | Fetching all blog posts.
2025-04-14 10:18:05.9036 | INFO | BlogManagementSystem.Filters.LogActionFilter | Action executed successfully: BlogManagementSystem.Controllers.CLBlogController.GetAllBlogs (BlogManagementSystem)
2025-04-14 10:18:05.9036 | INFO | Microsoft.AspNetCore.Mvc.Infrastructure.ObjectResultExecutor | Executing OkObjectResult, writing value of type 'BlogManagementSystem.Models.Response'.
2025-04-14 10:18:05.9036 | INFO | Microsoft.AspNetCore.Mvc.Infrastructure.ControllerActionInvoker | Executed action BlogManagementSystem.Controllers.CLBlogController.GetAllBlogs (BlogManagementSystem) in 3.1514ms
2025-04-14 10:18:05.9036 | INFO | Microsoft.AspNetCore.Routing.EndpointMiddleware | Executed endpoint 'BlogManagementSystem.Controllers.CLBlogController.GetAllBlogs (BlogManagementSystem)'
2025-04-14 10:18:05.9036 | INFO | Microsoft.AspNetCore.Hosting.Diagnostics | Request finished HTTP/1.1 GET http://localhost:5095/api/CLBlog/get-all-blogs?pageSize=5&pageNumber=12&sorting=g01F02%20DESC - - - 200 54 application/json;+charset=utf-8 3.7414ms
2025-04-14 10:18:06.2958 | INFO | Microsoft.AspNetCore.Hosting.Diagnostics | Request starting HTTP/1.1 GET http://localhost:5095/api/CLBlog/get-all-blogs?pageSize=5&pageNumber=13&sorting=g01F02%20DESC - -
2025-04-14 10:18:06.2958 | INFO | Microsoft.AspNetCore.Cors.Infrastructure.CorsService | CORS policy execution successful.
2025-04-14 10:18:06.2958 | INFO | Microsoft.AspNetCore.Routing.EndpointMiddleware | Executing endpoint 'BlogManagementSystem.Controllers.CLBlogController.GetAllBlogs (BlogManagementSystem)'
2025-04-14 10:18:06.2958 | INFO | Microsoft.AspNetCore.Mvc.Infrastructure.ControllerActionInvoker | Route matched with {action = "GetAllBlogs", controller = "CLBlog"}. Executing controller action with signature Microsoft.AspNetCore.Mvc.IActionResult GetAllBlogs(Int32, Int32, System.String) on controller BlogManagementSystem.Controllers.CLBlogController (BlogManagementSystem).
2025-04-14 10:18:06.2958 | INFO | BlogManagementSystem.Filters.LogActionFilter | Executing action: BlogManagementSystem.Controllers.CLBlogController.GetAllBlogs (BlogManagementSystem)
2025-04-14 10:18:06.2958 | INFO | BlogManagementSystem.Controllers.CLBlogController | Fetching all blog posts.
2025-04-14 10:18:06.2958 | INFO | BlogManagementSystem.Filters.LogActionFilter | Action executed successfully: BlogManagementSystem.Controllers.CLBlogController.GetAllBlogs (BlogManagementSystem)
2025-04-14 10:18:06.2958 | INFO | Microsoft.AspNetCore.Mvc.Infrastructure.ObjectResultExecutor | Executing OkObjectResult, writing value of type 'BlogManagementSystem.Models.Response'.
2025-04-14 10:18:06.2958 | INFO | Microsoft.AspNetCore.Mvc.Infrastructure.ControllerActionInvoker | Executed action BlogManagementSystem.Controllers.CLBlogController.GetAllBlogs (BlogManagementSystem) in 3.7456ms
2025-04-14 10:18:06.2958 | INFO | Microsoft.AspNetCore.Routing.EndpointMiddleware | Executed endpoint 'BlogManagementSystem.Controllers.CLBlogController.GetAllBlogs (BlogManagementSystem)'
2025-04-14 10:18:06.2958 | INFO | Microsoft.AspNetCore.Hosting.Diagnostics | Request finished HTTP/1.1 GET http://localhost:5095/api/CLBlog/get-all-blogs?pageSize=5&pageNumber=13&sorting=g01F02%20DESC - - - 200 54 application/json;+charset=utf-8 4.3260ms
2025-04-14 10:18:06.5116 | INFO | Microsoft.AspNetCore.Hosting.Diagnostics | Request starting HTTP/1.1 GET http://localhost:5095/api/CLBlog/get-all-blogs?pageSize=5&pageNumber=14&sorting=g01F02%20DESC - -
2025-04-14 10:18:06.5116 | INFO | Microsoft.AspNetCore.Cors.Infrastructure.CorsService | CORS policy execution successful.
2025-04-14 10:18:06.5116 | INFO | Microsoft.AspNetCore.Routing.EndpointMiddleware | Executing endpoint 'BlogManagementSystem.Controllers.CLBlogController.GetAllBlogs (BlogManagementSystem)'
2025-04-14 10:18:06.5116 | INFO | Microsoft.AspNetCore.Mvc.Infrastructure.ControllerActionInvoker | Route matched with {action = "GetAllBlogs", controller = "CLBlog"}. Executing controller action with signature Microsoft.AspNetCore.Mvc.IActionResult GetAllBlogs(Int32, Int32, System.String) on controller BlogManagementSystem.Controllers.CLBlogController (BlogManagementSystem).
2025-04-14 10:18:06.5116 | INFO | BlogManagementSystem.Filters.LogActionFilter | Executing action: BlogManagementSystem.Controllers.CLBlogController.GetAllBlogs (BlogManagementSystem)
2025-04-14 10:18:06.5116 | INFO | BlogManagementSystem.Controllers.CLBlogController | Fetching all blog posts.
2025-04-14 10:18:06.5116 | INFO | BlogManagementSystem.Filters.LogActionFilter | Action executed successfully: BlogManagementSystem.Controllers.CLBlogController.GetAllBlogs (BlogManagementSystem)
2025-04-14 10:18:06.5116 | INFO | Microsoft.AspNetCore.Mvc.Infrastructure.ObjectResultExecutor | Executing OkObjectResult, writing value of type 'BlogManagementSystem.Models.Response'.
2025-04-14 10:18:06.5116 | INFO | Microsoft.AspNetCore.Mvc.Infrastructure.ControllerActionInvoker | Executed action BlogManagementSystem.Controllers.CLBlogController.GetAllBlogs (BlogManagementSystem) in 3.1377ms
2025-04-14 10:18:06.5116 | INFO | Microsoft.AspNetCore.Routing.EndpointMiddleware | Executed endpoint 'BlogManagementSystem.Controllers.CLBlogController.GetAllBlogs (BlogManagementSystem)'
2025-04-14 10:18:06.5116 | INFO | Microsoft.AspNetCore.Hosting.Diagnostics | Request finished HTTP/1.1 GET http://localhost:5095/api/CLBlog/get-all-blogs?pageSize=5&pageNumber=14&sorting=g01F02%20DESC - - - 200 54 application/json;+charset=utf-8 3.6668ms
2025-04-14 10:18:06.7275 | INFO | Microsoft.AspNetCore.Hosting.Diagnostics | Request starting HTTP/1.1 GET http://localhost:5095/api/CLBlog/get-all-blogs?pageSize=5&pageNumber=15&sorting=g01F02%20DESC - -
2025-04-14 10:18:06.7275 | INFO | Microsoft.AspNetCore.Cors.Infrastructure.CorsService | CORS policy execution successful.
2025-04-14 10:18:06.7275 | INFO | Microsoft.AspNetCore.Routing.EndpointMiddleware | Executing endpoint 'BlogManagementSystem.Controllers.CLBlogController.GetAllBlogs (BlogManagementSystem)'
2025-04-14 10:18:06.7275 | INFO | Microsoft.AspNetCore.Mvc.Infrastructure.ControllerActionInvoker | Route matched with {action = "GetAllBlogs", controller = "CLBlog"}. Executing controller action with signature Microsoft.AspNetCore.Mvc.IActionResult GetAllBlogs(Int32, Int32, System.String) on controller BlogManagementSystem.Controllers.CLBlogController (BlogManagementSystem).
2025-04-14 10:18:06.7275 | INFO | BlogManagementSystem.Filters.LogActionFilter | Executing action: BlogManagementSystem.Controllers.CLBlogController.GetAllBlogs (BlogManagementSystem)
2025-04-14 10:18:06.7275 | INFO | BlogManagementSystem.Controllers.CLBlogController | Fetching all blog posts.
2025-04-14 10:18:06.7275 | INFO | BlogManagementSystem.Filters.LogActionFilter | Action executed successfully: BlogManagementSystem.Controllers.CLBlogController.GetAllBlogs (BlogManagementSystem)
2025-04-14 10:18:06.7275 | INFO | Microsoft.AspNetCore.Mvc.Infrastructure.ObjectResultExecutor | Executing OkObjectResult, writing value of type 'BlogManagementSystem.Models.Response'.
2025-04-14 10:18:06.7275 | INFO | Microsoft.AspNetCore.Mvc.Infrastructure.ControllerActionInvoker | Executed action BlogManagementSystem.Controllers.CLBlogController.GetAllBlogs (BlogManagementSystem) in 3.2052ms
2025-04-14 10:18:06.7275 | INFO | Microsoft.AspNetCore.Routing.EndpointMiddleware | Executed endpoint 'BlogManagementSystem.Controllers.CLBlogController.GetAllBlogs (BlogManagementSystem)'
2025-04-14 10:18:06.7275 | INFO | Microsoft.AspNetCore.Hosting.Diagnostics | Request finished HTTP/1.1 GET http://localhost:5095/api/CLBlog/get-all-blogs?pageSize=5&pageNumber=15&sorting=g01F02%20DESC - - - 200 54 application/json;+charset=utf-8 3.8137ms
2025-04-14 10:18:06.9437 | INFO | Microsoft.AspNetCore.Hosting.Diagnostics | Request starting HTTP/1.1 GET http://localhost:5095/api/CLBlog/get-all-blogs?pageSize=5&pageNumber=16&sorting=g01F02%20DESC - -
2025-04-14 10:18:06.9437 | INFO | Microsoft.AspNetCore.Cors.Infrastructure.CorsService | CORS policy execution successful.
2025-04-14 10:18:06.9437 | INFO | Microsoft.AspNetCore.Routing.EndpointMiddleware | Executing endpoint 'BlogManagementSystem.Controllers.CLBlogController.GetAllBlogs (BlogManagementSystem)'
2025-04-14 10:18:06.9437 | INFO | Microsoft.AspNetCore.Mvc.Infrastructure.ControllerActionInvoker | Route matched with {action = "GetAllBlogs", controller = "CLBlog"}. Executing controller action with signature Microsoft.AspNetCore.Mvc.IActionResult GetAllBlogs(Int32, Int32, System.String) on controller BlogManagementSystem.Controllers.CLBlogController (BlogManagementSystem).
2025-04-14 10:18:06.9437 | INFO | BlogManagementSystem.Filters.LogActionFilter | Executing action: BlogManagementSystem.Controllers.CLBlogController.GetAllBlogs (BlogManagementSystem)
2025-04-14 10:18:06.9437 | INFO | BlogManagementSystem.Controllers.CLBlogController | Fetching all blog posts.
2025-04-14 10:18:06.9469 | INFO | BlogManagementSystem.Filters.LogActionFilter | Action executed successfully: BlogManagementSystem.Controllers.CLBlogController.GetAllBlogs (BlogManagementSystem)
2025-04-14 10:18:06.9469 | INFO | Microsoft.AspNetCore.Mvc.Infrastructure.ObjectResultExecutor | Executing OkObjectResult, writing value of type 'BlogManagementSystem.Models.Response'.
2025-04-14 10:18:06.9469 | INFO | Microsoft.AspNetCore.Mvc.Infrastructure.ControllerActionInvoker | Executed action BlogManagementSystem.Controllers.CLBlogController.GetAllBlogs (BlogManagementSystem) in 3.0184ms
2025-04-14 10:18:06.9469 | INFO | Microsoft.AspNetCore.Routing.EndpointMiddleware | Executed endpoint 'BlogManagementSystem.Controllers.CLBlogController.GetAllBlogs (BlogManagementSystem)'
2025-04-14 10:18:06.9469 | INFO | Microsoft.AspNetCore.Hosting.Diagnostics | Request finished HTTP/1.1 GET http://localhost:5095/api/CLBlog/get-all-blogs?pageSize=5&pageNumber=16&sorting=g01F02%20DESC - - - 200 54 application/json;+charset=utf-8 3.6371ms
2025-04-14 10:18:07.1517 | INFO | Microsoft.AspNetCore.Hosting.Diagnostics | Request starting HTTP/1.1 GET http://localhost:5095/api/CLBlog/get-all-blogs?pageSize=5&pageNumber=17&sorting=g01F02%20DESC - -
2025-04-14 10:18:07.1517 | INFO | Microsoft.AspNetCore.Cors.Infrastructure.CorsService | CORS policy execution successful.
2025-04-14 10:18:07.1517 | INFO | Microsoft.AspNetCore.Routing.EndpointMiddleware | Executing endpoint 'BlogManagementSystem.Controllers.CLBlogController.GetAllBlogs (BlogManagementSystem)'
2025-04-14 10:18:07.1517 | INFO | Microsoft.AspNetCore.Mvc.Infrastructure.ControllerActionInvoker | Route matched with {action = "GetAllBlogs", controller = "CLBlog"}. Executing controller action with signature Microsoft.AspNetCore.Mvc.IActionResult GetAllBlogs(Int32, Int32, System.String) on controller BlogManagementSystem.Controllers.CLBlogController (BlogManagementSystem).
2025-04-14 10:18:07.1517 | INFO | BlogManagementSystem.Filters.LogActionFilter | Executing action: BlogManagementSystem.Controllers.CLBlogController.GetAllBlogs (BlogManagementSystem)
2025-04-14 10:18:07.1517 | INFO | BlogManagementSystem.Controllers.CLBlogController | Fetching all blog posts.
2025-04-14 10:18:07.1517 | INFO | BlogManagementSystem.Filters.LogActionFilter | Action executed successfully: BlogManagementSystem.Controllers.CLBlogController.GetAllBlogs (BlogManagementSystem)
2025-04-14 10:18:07.1517 | INFO | Microsoft.AspNetCore.Mvc.Infrastructure.ObjectResultExecutor | Executing OkObjectResult, writing value of type 'BlogManagementSystem.Models.Response'.
2025-04-14 10:18:07.1517 | INFO | Microsoft.AspNetCore.Mvc.Infrastructure.ControllerActionInvoker | Executed action BlogManagementSystem.Controllers.CLBlogController.GetAllBlogs (BlogManagementSystem) in 2.8652ms
2025-04-14 10:18:07.1517 | INFO | Microsoft.AspNetCore.Routing.EndpointMiddleware | Executed endpoint 'BlogManagementSystem.Controllers.CLBlogController.GetAllBlogs (BlogManagementSystem)'
2025-04-14 10:18:07.1517 | INFO | Microsoft.AspNetCore.Hosting.Diagnostics | Request finished HTTP/1.1 GET http://localhost:5095/api/CLBlog/get-all-blogs?pageSize=5&pageNumber=17&sorting=g01F02%20DESC - - - 200 54 application/json;+charset=utf-8 3.3275ms
2025-04-14 10:18:07.3836 | INFO | Microsoft.AspNetCore.Hosting.Diagnostics | Request starting HTTP/1.1 GET http://localhost:5095/api/CLBlog/get-all-blogs?pageSize=5&pageNumber=18&sorting=g01F02%20DESC - -
2025-04-14 10:18:07.3836 | INFO | Microsoft.AspNetCore.Cors.Infrastructure.CorsService | CORS policy execution successful.
2025-04-14 10:18:07.3836 | INFO | Microsoft.AspNetCore.Routing.EndpointMiddleware | Executing endpoint 'BlogManagementSystem.Controllers.CLBlogController.GetAllBlogs (BlogManagementSystem)'
2025-04-14 10:18:07.3836 | INFO | Microsoft.AspNetCore.Mvc.Infrastructure.ControllerActionInvoker | Route matched with {action = "GetAllBlogs", controller = "CLBlog"}. Executing controller action with signature Microsoft.AspNetCore.Mvc.IActionResult GetAllBlogs(Int32, Int32, System.String) on controller BlogManagementSystem.Controllers.CLBlogController (BlogManagementSystem).
2025-04-14 10:18:07.3836 | INFO | BlogManagementSystem.Filters.LogActionFilter | Executing action: BlogManagementSystem.Controllers.CLBlogController.GetAllBlogs (BlogManagementSystem)
2025-04-14 10:18:07.3836 | INFO | BlogManagementSystem.Controllers.CLBlogController | Fetching all blog posts.
2025-04-14 10:18:07.3836 | INFO | BlogManagementSystem.Filters.LogActionFilter | Action executed successfully: BlogManagementSystem.Controllers.CLBlogController.GetAllBlogs (BlogManagementSystem)
2025-04-14 10:18:07.3836 | INFO | Microsoft.AspNetCore.Mvc.Infrastructure.ObjectResultExecutor | Executing OkObjectResult, writing value of type 'BlogManagementSystem.Models.Response'.
2025-04-14 10:18:07.3836 | INFO | Microsoft.AspNetCore.Mvc.Infrastructure.ControllerActionInvoker | Executed action BlogManagementSystem.Controllers.CLBlogController.GetAllBlogs (BlogManagementSystem) in 3.0613ms
2025-04-14 10:18:07.3836 | INFO | Microsoft.AspNetCore.Routing.EndpointMiddleware | Executed endpoint 'BlogManagementSystem.Controllers.CLBlogController.GetAllBlogs (BlogManagementSystem)'
2025-04-14 10:18:07.3836 | INFO | Microsoft.AspNetCore.Hosting.Diagnostics | Request finished HTTP/1.1 GET http://localhost:5095/api/CLBlog/get-all-blogs?pageSize=5&pageNumber=18&sorting=g01F02%20DESC - - - 200 54 application/json;+charset=utf-8 3.6125ms
2025-04-14 10:18:07.6154 | INFO | Microsoft.AspNetCore.Hosting.Diagnostics | Request starting HTTP/1.1 GET http://localhost:5095/api/CLBlog/get-all-blogs?pageSize=5&pageNumber=19&sorting=g01F02%20DESC - -
2025-04-14 10:18:07.6154 | INFO | Microsoft.AspNetCore.Cors.Infrastructure.CorsService | CORS policy execution successful.
2025-04-14 10:18:07.6154 | INFO | Microsoft.AspNetCore.Routing.EndpointMiddleware | Executing endpoint 'BlogManagementSystem.Controllers.CLBlogController.GetAllBlogs (BlogManagementSystem)'
2025-04-14 10:18:07.6154 | INFO | Microsoft.AspNetCore.Mvc.Infrastructure.ControllerActionInvoker | Route matched with {action = "GetAllBlogs", controller = "CLBlog"}. Executing controller action with signature Microsoft.AspNetCore.Mvc.IActionResult GetAllBlogs(Int32, Int32, System.String) on controller BlogManagementSystem.Controllers.CLBlogController (BlogManagementSystem).
2025-04-14 10:18:07.6154 | INFO | BlogManagementSystem.Filters.LogActionFilter | Executing action: BlogManagementSystem.Controllers.CLBlogController.GetAllBlogs (BlogManagementSystem)
2025-04-14 10:18:07.6154 | INFO | BlogManagementSystem.Controllers.CLBlogController | Fetching all blog posts.
2025-04-14 10:18:07.6186 | INFO | BlogManagementSystem.Filters.LogActionFilter | Action executed successfully: BlogManagementSystem.Controllers.CLBlogController.GetAllBlogs (BlogManagementSystem)
2025-04-14 10:18:07.6186 | INFO | Microsoft.AspNetCore.Mvc.Infrastructure.ObjectResultExecutor | Executing OkObjectResult, writing value of type 'BlogManagementSystem.Models.Response'.
2025-04-14 10:18:07.6186 | INFO | Microsoft.AspNetCore.Mvc.Infrastructure.ControllerActionInvoker | Executed action BlogManagementSystem.Controllers.CLBlogController.GetAllBlogs (BlogManagementSystem) in 3.1507ms
2025-04-14 10:18:07.6186 | INFO | Microsoft.AspNetCore.Routing.EndpointMiddleware | Executed endpoint 'BlogManagementSystem.Controllers.CLBlogController.GetAllBlogs (BlogManagementSystem)'
2025-04-14 10:18:07.6186 | INFO | Microsoft.AspNetCore.Hosting.Diagnostics | Request finished HTTP/1.1 GET http://localhost:5095/api/CLBlog/get-all-blogs?pageSize=5&pageNumber=19&sorting=g01F02%20DESC - - - 200 54 application/json;+charset=utf-8 3.7042ms
2025-04-14 10:18:07.8316 | INFO | Microsoft.AspNetCore.Hosting.Diagnostics | Request starting HTTP/1.1 GET http://localhost:5095/api/CLBlog/get-all-blogs?pageSize=5&pageNumber=20&sorting=g01F02%20DESC - -
2025-04-14 10:18:07.8316 | INFO | Microsoft.AspNetCore.Cors.Infrastructure.CorsService | CORS policy execution successful.
2025-04-14 10:18:07.8316 | INFO | Microsoft.AspNetCore.Routing.EndpointMiddleware | Executing endpoint 'BlogManagementSystem.Controllers.CLBlogController.GetAllBlogs (BlogManagementSystem)'
2025-04-14 10:18:07.8316 | INFO | Microsoft.AspNetCore.Mvc.Infrastructure.ControllerActionInvoker | Route matched with {action = "GetAllBlogs", controller = "CLBlog"}. Executing controller action with signature Microsoft.AspNetCore.Mvc.IActionResult GetAllBlogs(Int32, Int32, System.String) on controller BlogManagementSystem.Controllers.CLBlogController (BlogManagementSystem).
2025-04-14 10:18:07.8316 | INFO | BlogManagementSystem.Filters.LogActionFilter | Executing action: BlogManagementSystem.Controllers.CLBlogController.GetAllBlogs (BlogManagementSystem)
2025-04-14 10:18:07.8316 | INFO | BlogManagementSystem.Controllers.CLBlogController | Fetching all blog posts.
2025-04-14 10:18:07.8316 | INFO | BlogManagementSystem.Filters.LogActionFilter | Action executed successfully: BlogManagementSystem.Controllers.CLBlogController.GetAllBlogs (BlogManagementSystem)
2025-04-14 10:18:07.8316 | INFO | Microsoft.AspNetCore.Mvc.Infrastructure.ObjectResultExecutor | Executing OkObjectResult, writing value of type 'BlogManagementSystem.Models.Response'.
2025-04-14 10:18:07.8316 | INFO | Microsoft.AspNetCore.Mvc.Infrastructure.ControllerActionInvoker | Executed action BlogManagementSystem.Controllers.CLBlogController.GetAllBlogs (BlogManagementSystem) in 2.9749ms
2025-04-14 10:18:07.8316 | INFO | Microsoft.AspNetCore.Routing.EndpointMiddleware | Executed endpoint 'BlogManagementSystem.Controllers.CLBlogController.GetAllBlogs (BlogManagementSystem)'
2025-04-14 10:18:07.8316 | INFO | Microsoft.AspNetCore.Hosting.Diagnostics | Request finished HTTP/1.1 GET http://localhost:5095/api/CLBlog/get-all-blogs?pageSize=5&pageNumber=20&sorting=g01F02%20DESC - - - 200 54 application/json;+charset=utf-8 3.5218ms
2025-04-14 10:18:08.0559 | INFO | Microsoft.AspNetCore.Hosting.Diagnostics | Request starting HTTP/1.1 GET http://localhost:5095/api/CLBlog/get-all-blogs?pageSize=5&pageNumber=21&sorting=g01F02%20DESC - -
2025-04-14 10:18:08.0559 | INFO | Microsoft.AspNetCore.Cors.Infrastructure.CorsService | CORS policy execution successful.
2025-04-14 10:18:08.0559 | INFO | Microsoft.AspNetCore.Routing.EndpointMiddleware | Executing endpoint 'BlogManagementSystem.Controllers.CLBlogController.GetAllBlogs (BlogManagementSystem)'
2025-04-14 10:18:08.0559 | INFO | Microsoft.AspNetCore.Mvc.Infrastructure.ControllerActionInvoker | Route matched with {action = "GetAllBlogs", controller = "CLBlog"}. Executing controller action with signature Microsoft.AspNetCore.Mvc.IActionResult GetAllBlogs(Int32, Int32, System.String) on controller BlogManagementSystem.Controllers.CLBlogController (BlogManagementSystem).
2025-04-14 10:18:08.0559 | INFO | BlogManagementSystem.Filters.LogActionFilter | Executing action: BlogManagementSystem.Controllers.CLBlogController.GetAllBlogs (BlogManagementSystem)
2025-04-14 10:18:08.0559 | INFO | BlogManagementSystem.Controllers.CLBlogController | Fetching all blog posts.
2025-04-14 10:18:08.0559 | INFO | BlogManagementSystem.Filters.LogActionFilter | Action executed successfully: BlogManagementSystem.Controllers.CLBlogController.GetAllBlogs (BlogManagementSystem)
2025-04-14 10:18:08.0559 | INFO | Microsoft.AspNetCore.Mvc.Infrastructure.ObjectResultExecutor | Executing OkObjectResult, writing value of type 'BlogManagementSystem.Models.Response'.
2025-04-14 10:18:08.0559 | INFO | Microsoft.AspNetCore.Mvc.Infrastructure.ControllerActionInvoker | Executed action BlogManagementSystem.Controllers.CLBlogController.GetAllBlogs (BlogManagementSystem) in 3.0555ms
2025-04-14 10:18:08.0559 | INFO | Microsoft.AspNetCore.Routing.EndpointMiddleware | Executed endpoint 'BlogManagementSystem.Controllers.CLBlogController.GetAllBlogs (BlogManagementSystem)'
2025-04-14 10:18:08.0559 | INFO | Microsoft.AspNetCore.Hosting.Diagnostics | Request finished HTTP/1.1 GET http://localhost:5095/api/CLBlog/get-all-blogs?pageSize=5&pageNumber=21&sorting=g01F02%20DESC - - - 200 54 application/json;+charset=utf-8 3.6422ms
2025-04-14 10:18:08.2715 | INFO | Microsoft.AspNetCore.Hosting.Diagnostics | Request starting HTTP/1.1 GET http://localhost:5095/api/CLBlog/get-all-blogs?pageSize=5&pageNumber=22&sorting=g01F02%20DESC - -
2025-04-14 10:18:08.2715 | INFO | Microsoft.AspNetCore.Cors.Infrastructure.CorsService | CORS policy execution successful.
2025-04-14 10:18:08.2715 | INFO | Microsoft.AspNetCore.Routing.EndpointMiddleware | Executing endpoint 'BlogManagementSystem.Controllers.CLBlogController.GetAllBlogs (BlogManagementSystem)'
2025-04-14 10:18:08.2715 | INFO | Microsoft.AspNetCore.Mvc.Infrastructure.ControllerActionInvoker | Route matched with {action = "GetAllBlogs", controller = "CLBlog"}. Executing controller action with signature Microsoft.AspNetCore.Mvc.IActionResult GetAllBlogs(Int32, Int32, System.String) on controller BlogManagementSystem.Controllers.CLBlogController (BlogManagementSystem).
2025-04-14 10:18:08.2715 | INFO | BlogManagementSystem.Filters.LogActionFilter | Executing action: BlogManagementSystem.Controllers.CLBlogController.GetAllBlogs (BlogManagementSystem)
2025-04-14 10:18:08.2715 | INFO | BlogManagementSystem.Controllers.CLBlogController | Fetching all blog posts.
2025-04-14 10:18:08.2746 | INFO | BlogManagementSystem.Filters.LogActionFilter | Action executed successfully: BlogManagementSystem.Controllers.CLBlogController.GetAllBlogs (BlogManagementSystem)
2025-04-14 10:18:08.2746 | INFO | Microsoft.AspNetCore.Mvc.Infrastructure.ObjectResultExecutor | Executing OkObjectResult, writing value of type 'BlogManagementSystem.Models.Response'.
2025-04-14 10:18:08.2746 | INFO | Microsoft.AspNetCore.Mvc.Infrastructure.ControllerActionInvoker | Executed action BlogManagementSystem.Controllers.CLBlogController.GetAllBlogs (BlogManagementSystem) in 2.9347ms
2025-04-14 10:18:08.2746 | INFO | Microsoft.AspNetCore.Routing.EndpointMiddleware | Executed endpoint 'BlogManagementSystem.Controllers.CLBlogController.GetAllBlogs (BlogManagementSystem)'
2025-04-14 10:18:08.2746 | INFO | Microsoft.AspNetCore.Hosting.Diagnostics | Request finished HTTP/1.1 GET http://localhost:5095/api/CLBlog/get-all-blogs?pageSize=5&pageNumber=22&sorting=g01F02%20DESC - - - 200 54 application/json;+charset=utf-8 3.5072ms
2025-04-14 10:18:08.5038 | INFO | Microsoft.AspNetCore.Hosting.Diagnostics | Request starting HTTP/1.1 GET http://localhost:5095/api/CLBlog/get-all-blogs?pageSize=5&pageNumber=23&sorting=g01F02%20DESC - -
2025-04-14 10:18:08.5038 | INFO | Microsoft.AspNetCore.Cors.Infrastructure.CorsService | CORS policy execution successful.
2025-04-14 10:18:08.5038 | INFO | Microsoft.AspNetCore.Routing.EndpointMiddleware | Executing endpoint 'BlogManagementSystem.Controllers.CLBlogController.GetAllBlogs (BlogManagementSystem)'
2025-04-14 10:18:08.5038 | INFO | Microsoft.AspNetCore.Mvc.Infrastructure.ControllerActionInvoker | Route matched with {action = "GetAllBlogs", controller = "CLBlog"}. Executing controller action with signature Microsoft.AspNetCore.Mvc.IActionResult GetAllBlogs(Int32, Int32, System.String) on controller BlogManagementSystem.Controllers.CLBlogController (BlogManagementSystem).
2025-04-14 10:18:08.5038 | INFO | BlogManagementSystem.Filters.LogActionFilter | Executing action: BlogManagementSystem.Controllers.CLBlogController.GetAllBlogs (BlogManagementSystem)
2025-04-14 10:18:08.5038 | INFO | BlogManagementSystem.Controllers.CLBlogController | Fetching all blog posts.
2025-04-14 10:18:08.5038 | INFO | BlogManagementSystem.Filters.LogActionFilter | Action executed successfully: BlogManagementSystem.Controllers.CLBlogController.GetAllBlogs (BlogManagementSystem)
2025-04-14 10:18:08.5038 | INFO | Microsoft.AspNetCore.Mvc.Infrastructure.ObjectResultExecutor | Executing OkObjectResult, writing value of type 'BlogManagementSystem.Models.Response'.
2025-04-14 10:18:08.5038 | INFO | Microsoft.AspNetCore.Mvc.Infrastructure.ControllerActionInvoker | Executed action BlogManagementSystem.Controllers.CLBlogController.GetAllBlogs (BlogManagementSystem) in 2.8672ms
2025-04-14 10:18:08.5038 | INFO | Microsoft.AspNetCore.Routing.EndpointMiddleware | Executed endpoint 'BlogManagementSystem.Controllers.CLBlogController.GetAllBlogs (BlogManagementSystem)'
2025-04-14 10:18:08.5038 | INFO | Microsoft.AspNetCore.Hosting.Diagnostics | Request finished HTTP/1.1 GET http://localhost:5095/api/CLBlog/get-all-blogs?pageSize=5&pageNumber=23&sorting=g01F02%20DESC - - - 200 54 application/json;+charset=utf-8 3.3683ms
2025-04-14 10:18:08.6957 | INFO | Microsoft.AspNetCore.Hosting.Diagnostics | Request starting HTTP/1.1 GET http://localhost:5095/api/CLBlog/get-all-blogs?pageSize=5&pageNumber=24&sorting=g01F02%20DESC - -
2025-04-14 10:18:08.6957 | INFO | Microsoft.AspNetCore.Cors.Infrastructure.CorsService | CORS policy execution successful.
2025-04-14 10:18:08.6957 | INFO | Microsoft.AspNetCore.Routing.EndpointMiddleware | Executing endpoint 'BlogManagementSystem.Controllers.CLBlogController.GetAllBlogs (BlogManagementSystem)'
2025-04-14 10:18:08.6957 | INFO | Microsoft.AspNetCore.Mvc.Infrastructure.ControllerActionInvoker | Route matched with {action = "GetAllBlogs", controller = "CLBlog"}. Executing controller action with signature Microsoft.AspNetCore.Mvc.IActionResult GetAllBlogs(Int32, Int32, System.String) on controller BlogManagementSystem.Controllers.CLBlogController (BlogManagementSystem).
2025-04-14 10:18:08.6957 | INFO | BlogManagementSystem.Filters.LogActionFilter | Executing action: BlogManagementSystem.Controllers.CLBlogController.GetAllBlogs (BlogManagementSystem)
2025-04-14 10:18:08.6957 | INFO | BlogManagementSystem.Controllers.CLBlogController | Fetching all blog posts.
2025-04-14 10:18:08.6957 | INFO | BlogManagementSystem.Filters.LogActionFilter | Action executed successfully: BlogManagementSystem.Controllers.CLBlogController.GetAllBlogs (BlogManagementSystem)
2025-04-14 10:18:08.6957 | INFO | Microsoft.AspNetCore.Mvc.Infrastructure.ObjectResultExecutor | Executing OkObjectResult, writing value of type 'BlogManagementSystem.Models.Response'.
2025-04-14 10:18:08.6957 | INFO | Microsoft.AspNetCore.Mvc.Infrastructure.ControllerActionInvoker | Executed action BlogManagementSystem.Controllers.CLBlogController.GetAllBlogs (BlogManagementSystem) in 2.9867ms
2025-04-14 10:18:08.6957 | INFO | Microsoft.AspNetCore.Routing.EndpointMiddleware | Executed endpoint 'BlogManagementSystem.Controllers.CLBlogController.GetAllBlogs (BlogManagementSystem)'
2025-04-14 10:18:08.6957 | INFO | Microsoft.AspNetCore.Hosting.Diagnostics | Request finished HTTP/1.1 GET http://localhost:5095/api/CLBlog/get-all-blogs?pageSize=5&pageNumber=24&sorting=g01F02%20DESC - - - 200 54 application/json;+charset=utf-8 3.5171ms
2025-04-14 10:21:54.1883 | INFO | Microsoft.AspNetCore.Hosting.Diagnostics | Request starting HTTP/1.1 GET http://localhost:5095/api/CLBlog/get-all-blogs?pageSize=5&pageNumber=1&sorting=g01F02%20DESC - -
2025-04-14 10:21:54.1883 | INFO | Microsoft.AspNetCore.Cors.Infrastructure.CorsService | CORS policy execution successful.
2025-04-14 10:21:54.1883 | INFO | Microsoft.AspNetCore.Routing.EndpointMiddleware | Executing endpoint 'BlogManagementSystem.Controllers.CLBlogController.GetAllBlogs (BlogManagementSystem)'
2025-04-14 10:21:54.1883 | INFO | Microsoft.AspNetCore.Mvc.Infrastructure.ControllerActionInvoker | Route matched with {action = "GetAllBlogs", controller = "CLBlog"}. Executing controller action with signature Microsoft.AspNetCore.Mvc.IActionResult GetAllBlogs(Int32, Int32, System.String) on controller BlogManagementSystem.Controllers.CLBlogController (BlogManagementSystem).
2025-04-14 10:21:54.1883 | INFO | BlogManagementSystem.Filters.LogActionFilter | Executing action: BlogManagementSystem.Controllers.CLBlogController.GetAllBlogs (BlogManagementSystem)
2025-04-14 10:21:54.1883 | INFO | BlogManagementSystem.Controllers.CLBlogController | Fetching all blog posts.
2025-04-14 10:21:54.2071 | INFO | BlogManagementSystem.Filters.LogActionFilter | Action executed successfully: BlogManagementSystem.Controllers.CLBlogController.GetAllBlogs (BlogManagementSystem)
2025-04-14 10:21:54.2071 | INFO | Microsoft.AspNetCore.Mvc.Infrastructure.ObjectResultExecutor | Executing OkObjectResult, writing value of type 'BlogManagementSystem.Models.Response'.
2025-04-14 10:21:54.2071 | INFO | Microsoft.AspNetCore.Mvc.Infrastructure.ControllerActionInvoker | Executed action BlogManagementSystem.Controllers.CLBlogController.GetAllBlogs (BlogManagementSystem) in 18.5562ms
2025-04-14 10:21:54.2071 | INFO | Microsoft.AspNetCore.Routing.EndpointMiddleware | Executed endpoint 'BlogManagementSystem.Controllers.CLBlogController.GetAllBlogs (BlogManagementSystem)'
2025-04-14 10:21:54.2071 | INFO | Microsoft.AspNetCore.Hosting.Diagnostics | Request finished HTTP/1.1 GET http://localhost:5095/api/CLBlog/get-all-blogs?pageSize=5&pageNumber=1&sorting=g01F02%20DESC - - - 200 208 application/json;+charset=utf-8 19.2434ms
2025-04-14 10:22:33.5312 | INFO | Microsoft.AspNetCore.Hosting.Diagnostics | Request starting HTTP/1.1 GET http://localhost:5095/api/CLBlog/get-all-blogs?pageSize=5&pageNumber=1&sorting=g01F02%20DESC - -
2025-04-14 10:22:33.5312 | INFO | Microsoft.AspNetCore.Cors.Infrastructure.CorsService | CORS policy execution successful.
2025-04-14 10:22:33.5312 | INFO | Microsoft.AspNetCore.Routing.EndpointMiddleware | Executing endpoint 'BlogManagementSystem.Controllers.CLBlogController.GetAllBlogs (BlogManagementSystem)'
2025-04-14 10:22:33.5312 | INFO | Microsoft.AspNetCore.Mvc.Infrastructure.ControllerActionInvoker | Route matched with {action = "GetAllBlogs", controller = "CLBlog"}. Executing controller action with signature Microsoft.AspNetCore.Mvc.IActionResult GetAllBlogs(Int32, Int32, System.String) on controller BlogManagementSystem.Controllers.CLBlogController (BlogManagementSystem).
2025-04-14 10:22:33.5312 | INFO | BlogManagementSystem.Filters.LogActionFilter | Executing action: BlogManagementSystem.Controllers.CLBlogController.GetAllBlogs (BlogManagementSystem)
2025-04-14 10:22:33.5312 | INFO | BlogManagementSystem.Controllers.CLBlogController | Fetching all blog posts.
2025-04-14 10:22:33.5312 | INFO | BlogManagementSystem.Filters.LogActionFilter | Action executed successfully: BlogManagementSystem.Controllers.CLBlogController.GetAllBlogs (BlogManagementSystem)
2025-04-14 10:22:33.5312 | INFO | Microsoft.AspNetCore.Mvc.Infrastructure.ObjectResultExecutor | Executing OkObjectResult, writing value of type 'BlogManagementSystem.Models.Response'.
2025-04-14 10:22:33.5312 | INFO | Microsoft.AspNetCore.Mvc.Infrastructure.ControllerActionInvoker | Executed action BlogManagementSystem.Controllers.CLBlogController.GetAllBlogs (BlogManagementSystem) in 3.1859ms
2025-04-14 10:22:33.5312 | INFO | Microsoft.AspNetCore.Routing.EndpointMiddleware | Executed endpoint 'BlogManagementSystem.Controllers.CLBlogController.GetAllBlogs (BlogManagementSystem)'
2025-04-14 10:22:33.5312 | INFO | Microsoft.AspNetCore.Hosting.Diagnostics | Request finished HTTP/1.1 GET http://localhost:5095/api/CLBlog/get-all-blogs?pageSize=5&pageNumber=1&sorting=g01F02%20DESC - - - 200 208 application/json;+charset=utf-8 4.3903ms
2025-04-14 10:22:44.1973 | INFO | Microsoft.AspNetCore.Hosting.Diagnostics | Request starting HTTP/1.1 GET http://localhost:5095/api/CLBlog/get-all-blogs?pageSize=5&pageNumber=1&sorting=g01F02%20DESC - -
2025-04-14 10:22:44.1973 | INFO | Microsoft.AspNetCore.Cors.Infrastructure.CorsService | CORS policy execution successful.
2025-04-14 10:22:44.1973 | INFO | Microsoft.AspNetCore.Routing.EndpointMiddleware | Executing endpoint 'BlogManagementSystem.Controllers.CLBlogController.GetAllBlogs (BlogManagementSystem)'
2025-04-14 10:22:44.1973 | INFO | Microsoft.AspNetCore.Mvc.Infrastructure.ControllerActionInvoker | Route matched with {action = "GetAllBlogs", controller = "CLBlog"}. Executing controller action with signature Microsoft.AspNetCore.Mvc.IActionResult GetAllBlogs(Int32, Int32, System.String) on controller BlogManagementSystem.Controllers.CLBlogController (BlogManagementSystem).
2025-04-14 10:22:44.1973 | INFO | BlogManagementSystem.Filters.LogActionFilter | Executing action: BlogManagementSystem.Controllers.CLBlogController.GetAllBlogs (BlogManagementSystem)
2025-04-14 10:22:44.1973 | INFO | BlogManagementSystem.Controllers.CLBlogController | Fetching all blog posts.
2025-04-14 10:22:44.1973 | INFO | BlogManagementSystem.Filters.LogActionFilter | Action executed successfully: BlogManagementSystem.Controllers.CLBlogController.GetAllBlogs (BlogManagementSystem)
2025-04-14 10:22:44.1973 | INFO | Microsoft.AspNetCore.Mvc.Infrastructure.ObjectResultExecutor | Executing OkObjectResult, writing value of type 'BlogManagementSystem.Models.Response'.
2025-04-14 10:22:44.1973 | INFO | Microsoft.AspNetCore.Mvc.Infrastructure.ControllerActionInvoker | Executed action BlogManagementSystem.Controllers.CLBlogController.GetAllBlogs (BlogManagementSystem) in 3.497ms
2025-04-14 10:22:44.1973 | INFO | Microsoft.AspNetCore.Routing.EndpointMiddleware | Executed endpoint 'BlogManagementSystem.Controllers.CLBlogController.GetAllBlogs (BlogManagementSystem)'
2025-04-14 10:22:44.1973 | INFO | Microsoft.AspNetCore.Hosting.Diagnostics | Request finished HTTP/1.1 GET http://localhost:5095/api/CLBlog/get-all-blogs?pageSize=5&pageNumber=1&sorting=g01F02%20DESC - - - 200 208 application/json;+charset=utf-8 4.2481ms
2025-04-14 10:23:04.9310 | INFO | Microsoft.AspNetCore.Hosting.Diagnostics | Request starting HTTP/1.1 GET http://localhost:5095/api/CLBlog/get-all-blogs?pageSize=5&pageNumber=1&sorting=g01F02%20DESC - -
2025-04-14 10:23:04.9310 | INFO | Microsoft.AspNetCore.Cors.Infrastructure.CorsService | CORS policy execution successful.
2025-04-14 10:23:04.9310 | INFO | Microsoft.AspNetCore.Routing.EndpointMiddleware | Executing endpoint 'BlogManagementSystem.Controllers.CLBlogController.GetAllBlogs (BlogManagementSystem)'
2025-04-14 10:23:04.9310 | INFO | Microsoft.AspNetCore.Mvc.Infrastructure.ControllerActionInvoker | Route matched with {action = "GetAllBlogs", controller = "CLBlog"}. Executing controller action with signature Microsoft.AspNetCore.Mvc.IActionResult GetAllBlogs(Int32, Int32, System.String) on controller BlogManagementSystem.Controllers.CLBlogController (BlogManagementSystem).
2025-04-14 10:23:04.9310 | INFO | BlogManagementSystem.Filters.LogActionFilter | Executing action: BlogManagementSystem.Controllers.CLBlogController.GetAllBlogs (BlogManagementSystem)
2025-04-14 10:23:04.9310 | INFO | BlogManagementSystem.Controllers.CLBlogController | Fetching all blog posts.
2025-04-14 10:23:04.9310 | INFO | BlogManagementSystem.Filters.LogActionFilter | Action executed successfully: BlogManagementSystem.Controllers.CLBlogController.GetAllBlogs (BlogManagementSystem)
2025-04-14 10:23:04.9310 | INFO | Microsoft.AspNetCore.Mvc.Infrastructure.ObjectResultExecutor | Executing OkObjectResult, writing value of type 'BlogManagementSystem.Models.Response'.
2025-04-14 10:23:04.9310 | INFO | Microsoft.AspNetCore.Mvc.Infrastructure.ControllerActionInvoker | Executed action BlogManagementSystem.Controllers.CLBlogController.GetAllBlogs (BlogManagementSystem) in 3.1385ms
2025-04-14 10:23:04.9310 | INFO | Microsoft.AspNetCore.Routing.EndpointMiddleware | Executed endpoint 'BlogManagementSystem.Controllers.CLBlogController.GetAllBlogs (BlogManagementSystem)'
2025-04-14 10:23:04.9310 | INFO | Microsoft.AspNetCore.Hosting.Diagnostics | Request finished HTTP/1.1 GET http://localhost:5095/api/CLBlog/get-all-blogs?pageSize=5&pageNumber=1&sorting=g01F02%20DESC - - - 200 208 application/json;+charset=utf-8 3.7516ms
